package main //<<<<<fiximports,1,1,1,1,pass

import (
	"fmt"
	"my/pkg"
)

func main() {
	fmt.Println(pkg.PkgFunc())
}
