// <<<<< shortassign,11,3,10,13,fail
package main

import "fmt"

func f() (int, float64) {
	return 1, 2.3
}

func main() {
  var i, x  = f()
  fmt.Println(i, x)
}
