package main // <<<<< godoc,1,1,1,1,pass

import "fmt"

func main() {
	fmt.Println("hello")
}

// Shape is a struct
type Shape struct {
	Name string
}
