package main

import (
	"fmt"
)

func main() {
  fmt.Println("Hello, Go") // <<<<< fiximports,1,1,1,1,pass
  fmt.Println("Goodbye, Go")
}
