package main //<<<<<fiximports,1,1,1,1,pass

import (
	f "fmt"
	p "my/pkg"
)

func main() {
	f.Println(p.PkgFunc())
}
