package secondpackage 

import (
"fmt"
"mypackage"
)

func SecondFunction() {             
	
mystructvar := mypackage.Renamed {"Hiii" }  

fmt.Println("value is",mystructvar.Mymethod())	

}
