package Xyz // <<<<< rename,1,10,1,10,Xyz,pass 
func Simplesquare(n int) int {             
	
return n*n

}
