package mypackage

func Xyz(n int) int {             // <<<<< rename,3,6,3,6,xyz,fail
	if n == 0 {
		return 1
	} else {
		return n + Xyz(n-1)
	}
}
