package main

// This is the main function.
// The import block should be added above this.
import (
	"fmt"
)

func main() {
  fmt.Println("Hello, Go") // <<<<< fiximports,1,1,1,1,pass
}
