=====main.go=====
main	(Line 1) does not have an associated object
S	(Line 3) is a reference to S (main.go:3:6)
s	(Line 4) is a reference to main.s (main.go:4:7)
S	(Line 4) is a reference to S (main.go:3:6)
String	(Line 4) is a reference to String (main.go:4:13)
string	(Line 4) is a reference to _.string (-)
foo	(Line 6) is a reference to main.foo (main.go:6:6)
string	(Line 6) is a reference to _.string (-)
S	(Line 6) is a reference to S (main.go:3:6)
String	(Line 6) is a reference to String (main.go:4:13)
package main //<<<<<debug,1,1,1,1,showidentifiers,pass

type S struct {}
func (s *S) String() string { return "" }

func foo() string { return (&S{}).String() }
