package main

import "fmt"

func main() {
	var s struct {
		member int
	}
	s = extracted(s) //<<<<<extract,9,1,10,1,extracted,pass
	fmt.Println(s.member)
}
func extracted(s struct{ member int }) struct{ member int } {
	s.member = 3
	return s
}
