package main //<<<<<fiximports,1,1,1,1,pass

import (
	"another/bogus"
	f "bogus"
	p "my/bogus"
)

func main() {
	bogus.do(f.Println(p.PkgFunc()))
}
