References to String:
  in main.go:
    offset 217, length 6
    offset 33, length 6
    offset 80, length 6
package main

type I interface { String() string }
type S struct {}
func (s *S) String() string { return "" } //<<<<<debug,5,13,5,18,showreferences,pass

func String() { return "" }

func foo() string { return (&S{}).String() }
